=== starting @ 600ms ===
\e[0;34m─ \e[0;97mBuilds  ⏱ 0s\e[0m
=== fetching @ 1200ms ===
\e[0;34m─ \e[0;97mBuilds  ⏱ 1s\e[0m
\e[0;97m  \e[0;33mapp\e[0;97m  ◐ copying  1s\e[0m
\e[0;97m  \e[0;33mec9a6634fc6c422271eb03bb0c4ae6d3d1fecd14?narHash=sha256-51cy%2\e[0;97m  ◐ copying  1s\e[0m
=== one-left @ 1400ms ===
\e[0;34m─ \e[0;97mBuilds  ⏱ 1s\e[0m
\e[0;97m  \e[0;33mapp\e[0;97m  ◓ copying  1s\e[0m
=== cached-inputs @ 1505ms ===
\e[0;34m─ \e[0;97mBuilds  ⏱ 1s\e[0m
\e[0;97m  \e[0;33mapp\e[0;97m  ◑ copying  1s\e[0m
=== finished @ 2000ms ===
\e[0;34m─ \e[0;97mBuilds  ⏱ 2s\e[0m
\e[0;32mFinished after 2s\e[0m
=== log ===
