=== all-running @ 300ms ===
\e[0;33m─ \e[0mBuilds\e[0;90m  ⏱ 0s\e[0;34m  ⏵ 17 building\e[0m
  \e[0;34m⏵ bash\e[0;90m  (buildPhase)  0s\e[0m
  \e[0;34m⏵ coreutils\e[0;90m  (buildPhase)  0s\e[0m
  \e[0;34m⏵ curl\e[0;90m  (buildPhase)  0s\e[0m
  \e[0;34m⏵ gcc\e[0;90m  (buildPhase)  0s\e[0m
  \e[0;34m⏵ gettext\e[0;90m  (buildPhase)  0s\e[0m
  \e[0;34m⏵ git\e[0;90m  (buildPhase)  0s\e[0m
  \e[0;34m⏵ glibc\e[0;90m  (buildPhase)  0s\e[0m
  \e[0;34m⏵ libffi\e[0;90m  (buildPhase)  0s\e[0m
  \e[0;34m⏵ ncurses\e[0;90m  (buildPhase)  0s\e[0m
  \e[0;34m⏵ openssl\e[0;90m  (buildPhase)  0s\e[0m
  \e[0;34m⏵ perl\e[0;90m  (buildPhase)  0s\e[0m
  \e[0;34m⏵ python3\e[0;90m  (buildPhase)  0s\e[0m
  \e[0;34m⏵ readline\e[0;90m  (buildPhase)  0s\e[0m
  \e[0;34m⏵ sqlite\e[0;90m  (buildPhase)  0s\e[0m
  \e[0;34m⏵ system\e[0;90m  0s\e[0m
  \e[0;34m⏵ xz\e[0;90m  (buildPhase)  0s\e[0m
  \e[0;34m⏵ zlib\e[0;90m  (buildPhase)  0s\e[0m
=== half-done @ 500ms ===
\e[0;33m─ \e[0mBuilds\e[0;90m  ⏱ 0s\e[0;34m  ⏵ 9 building\e[0;32m  ✔ 8 completed\e[0m
  \e[0;34m⏵ gettext\e[0;90m  (buildPhase)  0s\e[0m
  \e[0;34m⏵ git\e[0;90m  (buildPhase)  0s\e[0m
  \e[0;34m⏵ libffi\e[0;90m  (buildPhase)  0s\e[0m
  \e[0;34m⏵ ncurses\e[0;90m  (buildPhase)  0s\e[0m
  \e[0;34m⏵ perl\e[0;90m  (buildPhase)  0s\e[0m
  \e[0;34m⏵ readline\e[0;90m  (buildPhase)  0s\e[0m
  \e[0;34m⏵ sqlite\e[0;90m  (buildPhase)  0s\e[0m
  \e[0;34m⏵ system\e[0;90m  0s\e[0m
  \e[0;34m⏵ xz\e[0;90m  (buildPhase)  0s\e[0m
=== finished @ 700ms ===
\e[0;33m─ \e[0mBuilds\e[0;90m  ⏱ 0s\e[0;32m  ✔ 17 completed\e[0m
\e[0;32mFinished after 0s\e[0m
=== log ===
